2026-03-12 13:38:33,188 -  [PIPELINE] - INFO - === INICIANDO RUTINA DIARIA DE ACTUALIZACIÓN DIRECTOB2B ===
2026-03-12 13:38:33,189 -  [PIPELINE] - INFO - Iniciando: ob_cat_exel.py...
2026-03-12 13:38:47,385 -  [PIPELINE] - INFO -  Finalizado con éxito: ob_cat_exel.py (14.20s)
2026-03-12 13:38:47,385 -  [PIPELINE] - INFO - Iniciando: etl.py...
2026-03-12 13:39:05,789 -  [PIPELINE] - INFO -  Finalizado con éxito: etl.py (18.40s)
2026-03-12 13:39:05,789 -  [PIPELINE] - INFO - Iniciando: fichas_masivas_icecta_seg.py...
2026-03-12 13:40:44,506 -  [PIPELINE] - INFO -  Finalizado con éxito: fichas_masivas_icecta_seg.py (98.72s)
2026-03-12 13:40:44,508 -  [PIPELINE] - INFO - === PIPELINE FINALIZADO EXITOSAMENTE en 2.19 minutos ===
2026-03-12 16:45:42,769 -  [PIPELINE] - INFO - === INICIANDO RUTINA DIARIA DE ACTUALIZACIÓN DIRECTOB2B ===
2026-03-12 16:45:42,770 -  [PIPELINE] - INFO - Iniciando: ob_cat_exel.py...
2026-03-12 16:45:57,516 -  [PIPELINE] - INFO -  Finalizado con éxito: ob_cat_exel.py (14.75s)
2026-03-12 16:45:57,517 -  [PIPELINE] - INFO - Iniciando: etl.py...
2026-03-12 16:46:42,722 -  [PIPELINE] - INFO -  Finalizado con éxito: etl.py (45.21s)
2026-03-12 16:46:42,722 -  [PIPELINE] - INFO - Iniciando: fichas_masivas_icecta_seg.py...
2026-03-12 16:48:24,649 -  [PIPELINE] - INFO -  Finalizado con éxito: fichas_masivas_icecta_seg.py (101.93s)
2026-03-12 16:48:24,649 -  [PIPELINE] - INFO - === PIPELINE FINALIZADO EXITOSAMENTE en 2.70 minutos ===
2026-03-12 16:48:44,208 -  [PIPELINE] - INFO - === INICIANDO RUTINA DIARIA DE ACTUALIZACIÓN DIRECTOB2B ===
2026-03-12 16:48:44,208 -  [PIPELINE] - INFO - Iniciando: ob_cat_exel.py...
2026-03-12 16:48:59,626 -  [PIPELINE] - INFO -  Finalizado con éxito: ob_cat_exel.py (15.42s)
2026-03-12 16:48:59,626 -  [PIPELINE] - INFO - Iniciando: etl.py...
2026-03-12 16:49:22,017 -  [PIPELINE] - INFO -  Finalizado con éxito: etl.py (22.39s)
2026-03-12 16:49:22,018 -  [PIPELINE] - INFO - Iniciando: fichas_masivas_icecta_seg.py...
2026-03-12 16:51:04,553 -  [PIPELINE] - INFO -  Finalizado con éxito: fichas_masivas_icecta_seg.py (102.53s)
2026-03-12 16:51:04,554 -  [PIPELINE] - INFO - === PIPELINE FINALIZADO EXITOSAMENTE en 2.34 minutos ===
2026-03-12 16:51:18,838 -  [PIPELINE] - INFO - === INICIANDO RUTINA DIARIA DE ACTUALIZACIÓN DIRECTOB2B ===
2026-03-12 16:51:18,839 -  [PIPELINE] - INFO - Iniciando: ob_cat_exel.py...
2026-03-12 16:51:34,113 -  [PIPELINE] - INFO -  Finalizado con éxito: ob_cat_exel.py (15.27s)
2026-03-12 16:51:34,113 -  [PIPELINE] - INFO - Iniciando: etl.py...
2026-03-12 16:51:54,979 -  [PIPELINE] - INFO -  Finalizado con éxito: etl.py (20.87s)
2026-03-12 16:51:54,979 -  [PIPELINE] - INFO - Iniciando: fichas_masivas_icecta_seg.py...
2026-03-12 16:53:36,137 -  [PIPELINE] - INFO -  Finalizado con éxito: fichas_masivas_icecta_seg.py (101.16s)
2026-03-12 16:53:36,137 -  [PIPELINE] - INFO - === PIPELINE FINALIZADO EXITOSAMENTE en 2.29 minutos ===
2026-03-12 17:02:42,934 -  [PIPELINE] - INFO - === INICIANDO RUTINA DIARIA DE ACTUALIZACIÓN DIRECTOB2B ===
2026-03-12 17:02:42,936 -  [PIPELINE] - INFO - Iniciando: ob_cat_exel.py...
2026-03-12 17:02:54,976 -  [PIPELINE] - INFO -  Finalizado con éxito: ob_cat_exel.py (12.04s)
2026-03-12 17:02:54,976 -  [PIPELINE] - INFO - Iniciando: etl.py...
2026-03-12 17:03:23,994 -  [PIPELINE] - INFO -  Finalizado con éxito: etl.py (29.02s)
2026-03-12 17:03:23,995 -  [PIPELINE] - INFO - Iniciando: fichas_masivas_icecta_seg.py...
2026-03-12 17:05:12,846 -  [PIPELINE] - INFO -  Finalizado con éxito: fichas_masivas_icecta_seg.py (108.85s)
2026-03-12 17:05:12,846 -  [PIPELINE] - INFO - === PIPELINE FINALIZADO EXITOSAMENTE en 2.50 minutos ===
2026-03-13 11:40:19,833 -  [PIPELINE] - INFO - === INICIANDO RUTINA DIARIA DE ACTUALIZACIÓN DIRECTOB2B ===
2026-03-13 11:40:19,834 -  [PIPELINE] - INFO - Iniciando: ob_cat_exel.py...
2026-03-13 11:41:07,649 -  [PIPELINE] - INFO -  Finalizado con éxito: ob_cat_exel.py (47.82s)
2026-03-13 11:41:07,651 -  [PIPELINE] - INFO - Iniciando: etl.py...
2026-03-13 11:43:47,339 -  [PIPELINE] - INFO -  Finalizado con éxito: etl.py (159.69s)
2026-03-13 11:43:47,339 -  [PIPELINE] - INFO - Iniciando: fichas_masivas_icecta_seg.py...
2026-03-13 11:46:36,927 -  [PIPELINE] - INFO -  Finalizado con éxito: fichas_masivas_icecta_seg.py (169.59s)
2026-03-13 11:46:36,928 -  [PIPELINE] - INFO - === PIPELINE FINALIZADO EXITOSAMENTE en 6.28 minutos ===
2026-03-13 16:00:15,052 -  [PIPELINE] - INFO - === INICIANDO RUTINA DIARIA DE ACTUALIZACIÓN DIRECTOB2B ===
2026-03-13 16:00:15,052 -  [PIPELINE] - INFO - Iniciando: ob_cat_exel.py...
2026-03-13 16:01:10,001 -  [PIPELINE] - INFO -  Finalizado con éxito: ob_cat_exel.py (54.95s)
2026-03-13 16:01:10,001 -  [PIPELINE] - INFO - Iniciando: etl.py...
2026-03-13 16:03:03,509 -  [PIPELINE] - INFO -  Finalizado con éxito: etl.py (113.51s)
2026-03-13 16:03:03,509 -  [PIPELINE] - INFO - Iniciando: fichas_masivas_icecta_seg.py...
2026-03-13 16:05:22,138 -  [PIPELINE] - INFO -  Finalizado con éxito: fichas_masivas_icecta_seg.py (138.63s)
2026-03-13 16:05:22,148 -  [PIPELINE] - INFO - === PIPELINE FINALIZADO EXITOSAMENTE en 5.12 minutos ===
2026-03-18 09:43:37,498 -  [PIPELINE] - INFO - === INICIANDO RUTINA DIARIA DE ACTUALIZACIÓN DIRECTOB2B ===
2026-03-18 09:43:37,499 -  [PIPELINE] - INFO - Iniciando: ob_cat_exel.py...
2026-03-18 09:43:59,243 -  [PIPELINE] - INFO -  Finalizado con éxito: ob_cat_exel.py (21.74s)
2026-03-18 09:43:59,243 -  [PIPELINE] - INFO - Iniciando: etl.py...
2026-03-18 09:44:59,162 -  [PIPELINE] - INFO -  Finalizado con éxito: etl.py (59.92s)
2026-03-18 09:44:59,162 -  [PIPELINE] - INFO - Iniciando: fichas_masivas_icecta_seg.py...
2026-03-18 09:46:57,439 -  [PIPELINE] - INFO -  Finalizado con éxito: fichas_masivas_icecta_seg.py (118.28s)
2026-03-18 09:46:57,439 -  [PIPELINE] - INFO - === PIPELINE FINALIZADO EXITOSAMENTE en 3.33 minutos ===
2026-03-18 10:28:07,667 -  [PIPELINE] - INFO - === INICIANDO RUTINA DIARIA DE ACTUALIZACIÓN DIRECTOB2B ===
2026-03-18 10:28:07,667 -  [PIPELINE] - INFO - Iniciando: ob_cat_exel.py...
2026-03-18 10:28:33,385 -  [PIPELINE] - INFO - Finalizado con éxito: ob_cat_exel.py (25.72s)
2026-03-18 10:28:33,385 -  [PIPELINE] - INFO - Iniciando: etl.py...
2026-03-18 10:28:34,736 -  [PIPELINE] - INFO - Finalizado con éxito: etl.py (1.35s)
2026-03-18 10:28:34,736 -  [PIPELINE] - INFO - Iniciando: fichas_masivas_icecta_seg.py...
2026-03-18 10:30:25,323 -  [PIPELINE] - INFO - Finalizado con éxito: fichas_masivas_icecta_seg.py (110.59s)
2026-03-18 10:30:25,323 -  [PIPELINE] - INFO - === PIPELINE FINALIZADO EXITOSAMENTE en 2.29 minutos ===
2026-03-18 11:14:20,341 -  [PIPELINE] - INFO - === INICIANDO RUTINA DIARIA DE ACTUALIZACIÓN DIRECTOB2B ===
2026-03-18 11:14:20,342 -  [PIPELINE] - INFO - Iniciando: ob_cat_exel.py...
2026-03-18 11:14:56,000 -  [PIPELINE] - INFO - Finalizado con éxito: ob_cat_exel.py (35.66s)
2026-03-18 11:14:56,000 -  [PIPELINE] - INFO - Iniciando: etl.py...
2026-03-18 11:14:57,392 -  [PIPELINE] - INFO - Finalizado con éxito: etl.py (1.39s)
2026-03-18 11:14:57,392 -  [PIPELINE] - INFO - Iniciando: fichas_masivas_icecta_seg.py...
2026-03-18 11:16:47,206 -  [PIPELINE] - INFO - Finalizado con éxito: fichas_masivas_icecta_seg.py (109.81s)
2026-03-18 11:16:47,206 -  [PIPELINE] - INFO - === PIPELINE FINALIZADO EXITOSAMENTE en 2.45 minutos ===
2026-03-19 17:56:02,394 -  [PIPELINE] - INFO - === INICIANDO RUTINA DIARIA DE ACTUALIZACIÓN DIRECTOB2B ===
2026-03-19 17:56:02,394 -  [PIPELINE] - INFO - Iniciando: ob_cat_exel.py...
2026-03-19 17:56:15,976 -  [PIPELINE] - INFO - Finalizado con éxito: ob_cat_exel.py (13.58s)
2026-03-19 17:56:15,976 -  [PIPELINE] - INFO - Iniciando: etl.py...
2026-03-19 17:56:35,625 -  [PIPELINE] - INFO - Finalizado con éxito: etl.py (19.65s)
2026-03-19 17:56:35,625 -  [PIPELINE] - INFO - Iniciando: fichas_masivas_icecta_seg.py...
2026-03-19 17:58:13,129 -  [PIPELINE] - INFO - Finalizado con éxito: fichas_masivas_icecta_seg.py (97.50s)
2026-03-19 17:58:13,129 -  [PIPELINE] - INFO - === PIPELINE FINALIZADO EXITOSAMENTE en 2.18 minutos ===
2026-03-20 10:37:55,510 -  [PIPELINE] - INFO - === INICIANDO RUTINA DIARIA DE ACTUALIZACIÓN DIRECTOB2B ===
2026-03-20 10:37:55,510 -  [PIPELINE] - INFO - Iniciando: ob_cat_exel.py...
2026-03-20 10:38:22,316 -  [PIPELINE] - INFO - Finalizado con éxito: ob_cat_exel.py (26.80s)
2026-03-20 10:38:22,316 -  [PIPELINE] - INFO - Iniciando: etl.py...
2026-03-20 10:40:00,083 -  [PIPELINE] - INFO - Finalizado con éxito: etl.py (97.76s)
2026-03-20 10:40:00,083 -  [PIPELINE] - INFO - Iniciando: fichas_masivas_icecta_seg.py...
2026-03-20 10:41:50,562 -  [PIPELINE] - INFO - Finalizado con éxito: fichas_masivas_icecta_seg.py (110.48s)
2026-03-20 10:41:50,562 -  [PIPELINE] - INFO - === PIPELINE FINALIZADO EXITOSAMENTE en 3.92 minutos ===
2026-03-20 11:33:14,112 -  [PIPELINE] - INFO - === INICIANDO RUTINA DIARIA DE ACTUALIZACIÓN DIRECTOB2B ===
2026-03-20 11:33:14,113 -  [PIPELINE] - INFO - Iniciando: ob_cat_exel.py...
2026-03-20 11:33:26,607 -  [PIPELINE] - INFO - Finalizado con éxito: ob_cat_exel.py (12.49s)
2026-03-20 11:33:26,608 -  [PIPELINE] - INFO - Iniciando: etl.py...
2026-03-20 11:33:52,117 -  [PIPELINE] - INFO - Finalizado con éxito: etl.py (25.51s)
2026-03-20 11:33:52,117 -  [PIPELINE] - INFO - Iniciando: fichas_masivas_icecta_seg.py...
2026-03-20 11:36:07,469 -  [PIPELINE] - INFO - Finalizado con éxito: fichas_masivas_icecta_seg.py (135.35s)
2026-03-20 11:36:07,470 -  [PIPELINE] - INFO - === PIPELINE FINALIZADO EXITOSAMENTE en 2.89 minutos ===
2026-03-20 15:59:07,901 -  [PIPELINE] - INFO - === INICIANDO RUTINA DIARIA DE ACTUALIZACIÓN DIRECTOB2B ===
2026-03-20 15:59:07,902 -  [PIPELINE] - INFO - Iniciando: ob_cat_exel.py...
2026-03-20 15:59:34,843 -  [PIPELINE] - INFO - Finalizado con éxito: ob_cat_exel.py (26.94s)
2026-03-20 15:59:34,843 -  [PIPELINE] - INFO - Iniciando: etl.py...
2026-03-20 16:00:20,452 -  [PIPELINE] - INFO - Finalizado con éxito: etl.py (45.61s)
2026-03-20 16:00:20,452 -  [PIPELINE] - INFO - Iniciando: fichas_masivas_icecta_seg.py...
2026-03-20 16:02:01,811 -  [PIPELINE] - INFO - Finalizado con éxito: fichas_masivas_icecta_seg.py (101.36s)
2026-03-20 16:02:01,812 -  [PIPELINE] - INFO - === PIPELINE FINALIZADO EXITOSAMENTE en 2.90 minutos ===
2026-03-20 16:29:25,371 -  [PIPELINE] - INFO - === INICIANDO RUTINA DIARIA DE ACTUALIZACIÓN DIRECTOB2B ===
2026-03-20 16:29:25,372 -  [PIPELINE] - INFO - Iniciando: ob_cat_exel.py...
2026-03-20 16:29:51,987 -  [PIPELINE] - INFO - Finalizado con éxito: ob_cat_exel.py (26.62s)
2026-03-20 16:29:51,987 -  [PIPELINE] - INFO - Iniciando: etl.py...
2026-03-20 16:31:10,013 -  [PIPELINE] - INFO - Finalizado con éxito: etl.py (78.03s)
2026-03-20 16:31:10,013 -  [PIPELINE] - INFO - Iniciando: fichas_masivas_icecta_seg.py...
2026-03-20 16:33:46,266 -  [PIPELINE] - INFO - Finalizado con éxito: fichas_masivas_icecta_seg.py (156.25s)
2026-03-20 16:33:46,266 -  [PIPELINE] - INFO - === PIPELINE FINALIZADO EXITOSAMENTE en 4.35 minutos ===
2026-03-20 16:36:41,786 -  [PIPELINE] - INFO - === INICIANDO RUTINA DIARIA DE ACTUALIZACIÓN DIRECTOB2B ===
2026-03-20 16:36:41,786 -  [PIPELINE] - INFO - Iniciando: ob_cat_exel.py...
2026-03-20 16:36:54,343 -  [PIPELINE] - INFO - Finalizado con éxito: ob_cat_exel.py (12.56s)
2026-03-20 16:36:54,343 -  [PIPELINE] - INFO - Iniciando: etl.py...
2026-03-20 16:37:12,244 -  [PIPELINE] - INFO - Finalizado con éxito: etl.py (17.90s)
2026-03-20 16:37:12,244 -  [PIPELINE] - INFO - Iniciando: fichas_masivas_icecta_seg.py...
2026-03-20 16:39:39,975 -  [PIPELINE] - INFO - Finalizado con éxito: fichas_masivas_icecta_seg.py (147.73s)
2026-03-20 16:39:39,976 -  [PIPELINE] - INFO - === PIPELINE FINALIZADO EXITOSAMENTE en 2.97 minutos ===
2026-03-20 16:39:51,689 -  [PIPELINE] - INFO - === INICIANDO RUTINA DIARIA DE ACTUALIZACIÓN DIRECTOB2B ===
2026-03-20 16:39:51,689 -  [PIPELINE] - INFO - Iniciando: ob_cat_exel.py...
2026-03-20 16:40:02,177 -  [PIPELINE] - INFO - Finalizado con éxito: ob_cat_exel.py (10.49s)
2026-03-20 16:40:02,177 -  [PIPELINE] - INFO - Iniciando: etl.py...
2026-03-20 16:40:21,273 -  [PIPELINE] - INFO - Finalizado con éxito: etl.py (19.10s)
2026-03-20 16:40:21,273 -  [PIPELINE] - INFO - Iniciando: fichas_masivas_icecta_seg.py...
2026-03-20 16:43:00,674 -  [PIPELINE] - INFO - Finalizado con éxito: fichas_masivas_icecta_seg.py (159.40s)
2026-03-20 16:43:00,675 -  [PIPELINE] - INFO - === PIPELINE FINALIZADO EXITOSAMENTE en 3.15 minutos ===
2026-03-20 17:08:54,536 -  [PIPELINE] - INFO - === INICIANDO RUTINA DIARIA DE ACTUALIZACIÓN DIRECTOB2B ===
2026-03-20 17:08:54,537 -  [PIPELINE] - INFO - Iniciando: ob_cat_exel.py...
2026-03-20 17:09:07,544 -  [PIPELINE] - INFO - Finalizado con éxito: ob_cat_exel.py (13.01s)
2026-03-20 17:09:07,544 -  [PIPELINE] - INFO - Iniciando: etl.py...
2026-03-20 17:09:31,362 -  [PIPELINE] - INFO - Finalizado con éxito: etl.py (23.82s)
2026-03-20 17:09:31,362 -  [PIPELINE] - INFO - Iniciando: fichas_masivas_icecta_seg.py...
2026-03-20 17:12:04,241 -  [PIPELINE] - INFO - Finalizado con éxito: fichas_masivas_icecta_seg.py (152.88s)
2026-03-20 17:12:04,242 -  [PIPELINE] - INFO - === PIPELINE FINALIZADO EXITOSAMENTE en 3.16 minutos ===
2026-03-23 09:09:24,029 -  [PIPELINE] - INFO - === INICIANDO RUTINA DIARIA DE ACTUALIZACIÓN DIRECTOB2B ===
2026-03-23 09:09:24,029 -  [PIPELINE] - INFO - Iniciando: ob_cat_exel.py...
2026-03-23 09:09:37,306 -  [PIPELINE] - INFO - Finalizado con éxito: ob_cat_exel.py (13.28s)
2026-03-23 09:09:37,306 -  [PIPELINE] - INFO - Iniciando: etl.py...
2026-03-23 09:10:09,460 -  [PIPELINE] - INFO - Finalizado con éxito: etl.py (32.15s)
2026-03-23 09:10:09,462 -  [PIPELINE] - INFO - Iniciando: fichas_masivas_icecta_seg.py...
2026-03-23 09:12:09,281 -  [PIPELINE] - INFO - Finalizado con éxito: fichas_masivas_icecta_seg.py (119.82s)
2026-03-23 09:12:09,282 -  [PIPELINE] - INFO - === PIPELINE FINALIZADO EXITOSAMENTE en 2.75 minutos ===
2026-03-24 11:00:07,752 -  [PIPELINE] - INFO - === INICIANDO RUTINA DIARIA DE ACTUALIZACIÓN DIRECTOB2B ===
2026-03-24 11:00:07,756 -  [PIPELINE] - INFO - Iniciando: ob_cat_exel.py...
2026-03-24 11:00:27,801 -  [PIPELINE] - INFO - Finalizado con éxito: ob_cat_exel.py (20.05s)
2026-03-24 11:00:27,801 -  [PIPELINE] - INFO - Iniciando: etl.py...
2026-03-24 11:01:31,865 -  [PIPELINE] - INFO - Finalizado con éxito: etl.py (64.06s)
2026-03-24 11:01:31,865 -  [PIPELINE] - INFO - Iniciando: fichas_masivas_icecta_seg.py...
2026-03-24 11:03:17,309 -  [PIPELINE] - INFO - Finalizado con éxito: fichas_masivas_icecta_seg.py (105.44s)
2026-03-24 11:03:17,309 -  [PIPELINE] - INFO - === PIPELINE FINALIZADO EXITOSAMENTE en 3.16 minutos ===
2026-03-24 13:33:57,798 -  [PIPELINE] - INFO - === INICIANDO RUTINA DIARIA DE ACTUALIZACIÓN DIRECTOB2B ===
2026-03-24 13:33:57,798 -  [PIPELINE] - INFO - Iniciando: ob_cat_exel.py...
2026-03-24 13:34:22,563 -  [PIPELINE] - INFO - Finalizado con éxito: ob_cat_exel.py (24.77s)
2026-03-24 13:34:22,563 -  [PIPELINE] - INFO - Iniciando: etl.py...
2026-03-24 13:35:08,810 -  [PIPELINE] - INFO - Finalizado con éxito: etl.py (46.25s)
2026-03-24 13:35:08,811 -  [PIPELINE] - INFO - Iniciando: fichas_masivas_icecta_seg.py...
2026-03-24 13:36:54,449 -  [PIPELINE] - INFO - Finalizado con éxito: fichas_masivas_icecta_seg.py (105.64s)
2026-03-24 13:36:54,449 -  [PIPELINE] - INFO - === PIPELINE FINALIZADO EXITOSAMENTE en 2.94 minutos ===
2026-03-30 09:35:10,913 -  [PIPELINE] - INFO - === INICIANDO RUTINA DIARIA DE ACTUALIZACIÓN DIRECTOB2B ===
2026-03-30 09:35:10,914 -  [PIPELINE] - INFO - Iniciando: ob_cat_exel.py...
2026-03-30 09:35:35,010 -  [PIPELINE] - INFO - Finalizado con éxito: ob_cat_exel.py (24.10s)
2026-03-30 09:35:35,011 -  [PIPELINE] - INFO - Iniciando: etl.py...
2026-03-30 09:36:54,839 -  [PIPELINE] - INFO - Finalizado con éxito: etl.py (79.83s)
2026-03-30 09:36:54,839 -  [PIPELINE] - INFO - Iniciando: fichas_masivas_icecta_seg.py...
2026-03-30 09:39:05,572 -  [PIPELINE] - INFO - Finalizado con éxito: fichas_masivas_icecta_seg.py (130.73s)
2026-03-30 09:39:05,573 -  [PIPELINE] - INFO - === PIPELINE FINALIZADO EXITOSAMENTE en 3.91 minutos ===
2026-03-31 09:10:10,116 -  [PIPELINE] - INFO - === INICIANDO RUTINA DIARIA DE ACTUALIZACIÓN DIRECTOB2B ===
2026-03-31 09:10:10,116 -  [PIPELINE] - INFO - Iniciando: ob_cat_exel.py...
2026-03-31 09:10:40,159 -  [PIPELINE] - INFO - Finalizado con éxito: ob_cat_exel.py (30.04s)
2026-03-31 09:10:40,159 -  [PIPELINE] - INFO - Iniciando: etl.py...
2026-03-31 09:12:38,171 -  [PIPELINE] - INFO - Finalizado con éxito: etl.py (118.01s)
2026-03-31 09:12:38,171 -  [PIPELINE] - INFO - Iniciando: fichas_masivas_icecta_seg.py...
2026-03-31 09:14:35,483 -  [PIPELINE] - INFO - Finalizado con éxito: fichas_masivas_icecta_seg.py (117.31s)
2026-03-31 09:14:35,483 -  [PIPELINE] - INFO - === PIPELINE FINALIZADO EXITOSAMENTE en 4.42 minutos ===
2026-03-31 11:12:38,119 -  [PIPELINE] - INFO - === INICIANDO RUTINA DIARIA DE ACTUALIZACIÓN DIRECTOB2B ===
2026-03-31 11:12:38,119 -  [PIPELINE] - INFO - Iniciando: ob_cat_exel.py...
2026-03-31 11:13:06,296 -  [PIPELINE] - INFO - Finalizado con éxito: ob_cat_exel.py (28.17s)
2026-03-31 11:13:06,296 -  [PIPELINE] - INFO - Iniciando: etl.py...
2026-03-31 11:14:41,866 -  [PIPELINE] - INFO - Finalizado con éxito: etl.py (95.57s)
2026-03-31 11:14:41,866 -  [PIPELINE] - INFO - Iniciando: fichas_masivas_icecta_seg.py...
2026-03-31 11:16:40,882 -  [PIPELINE] - INFO - Finalizado con éxito: fichas_masivas_icecta_seg.py (119.02s)
2026-03-31 11:16:40,882 -  [PIPELINE] - INFO - === PIPELINE FINALIZADO EXITOSAMENTE en 4.05 minutos ===
2026-03-31 11:18:03,909 -  [PIPELINE] - INFO - === INICIANDO RUTINA DIARIA DE ACTUALIZACIÓN DIRECTOB2B ===
2026-03-31 11:18:03,909 -  [PIPELINE] - INFO - Iniciando: ob_cat_exel.py...
2026-03-31 11:18:22,346 -  [PIPELINE] - INFO - Finalizado con éxito: ob_cat_exel.py (18.44s)
2026-03-31 11:18:22,346 -  [PIPELINE] - INFO - Iniciando: etl.py...
2026-03-31 11:18:46,965 -  [PIPELINE] - INFO - Finalizado con éxito: etl.py (24.62s)
2026-03-31 11:18:46,965 -  [PIPELINE] - INFO - Iniciando: fichas_masivas_icecta_seg.py...
2026-03-31 11:20:42,961 -  [PIPELINE] - INFO - Finalizado con éxito: fichas_masivas_icecta_seg.py (116.00s)
2026-03-31 11:20:42,961 -  [PIPELINE] - INFO - === PIPELINE FINALIZADO EXITOSAMENTE en 2.65 minutos ===
2026-03-31 12:12:07,315 -  [PIPELINE] - INFO - === INICIANDO RUTINA DIARIA DE ACTUALIZACIÓN DIRECTOB2B ===
2026-03-31 12:12:07,316 -  [PIPELINE] - INFO - Iniciando: ob_cat_exel.py...
2026-03-31 12:12:23,090 -  [PIPELINE] - INFO - Finalizado con éxito: ob_cat_exel.py (15.77s)
2026-03-31 12:12:23,090 -  [PIPELINE] - INFO - Iniciando: etl.py...
2026-03-31 12:12:43,196 -  [PIPELINE] - INFO - Finalizado con éxito: etl.py (20.11s)
2026-03-31 12:12:43,196 -  [PIPELINE] - INFO - Iniciando: fichas_masivas_icecta_seg.py...
2026-03-31 12:14:34,100 -  [PIPELINE] - INFO - Finalizado con éxito: fichas_masivas_icecta_seg.py (110.90s)
2026-03-31 12:14:34,100 -  [PIPELINE] - INFO - === PIPELINE FINALIZADO EXITOSAMENTE en 2.45 minutos ===
2026-04-01 10:52:15,823 -  [PIPELINE] - INFO - === INICIANDO RUTINA DIARIA DE ACTUALIZACIÓN DIRECTOB2B ===
2026-04-01 10:52:15,823 -  [PIPELINE] - INFO - Iniciando: ob_cat_exel.py...
2026-04-01 10:52:46,140 -  [PIPELINE] - INFO - Finalizado con éxito: ob_cat_exel.py (30.32s)
2026-04-01 10:52:46,149 -  [PIPELINE] - INFO - Iniciando: etl.py...
2026-04-01 10:54:22,091 -  [PIPELINE] - INFO - Finalizado con éxito: etl.py (95.94s)
2026-04-01 10:54:22,091 -  [PIPELINE] - INFO - Iniciando: fichas_masivas_icecta_seg.py...
2026-04-01 10:56:20,953 -  [PIPELINE] - INFO - Finalizado con éxito: fichas_masivas_icecta_seg.py (118.86s)
2026-04-01 10:56:20,953 -  [PIPELINE] - INFO - === PIPELINE FINALIZADO EXITOSAMENTE en 4.09 minutos ===
2026-04-01 11:11:30,449 -  [PIPELINE] - INFO - === INICIANDO RUTINA DIARIA DE ACTUALIZACIÓN DIRECTOB2B ===
2026-04-01 11:11:30,449 -  [PIPELINE] - INFO - Iniciando: ob_cat_exel.py...
2026-04-01 11:11:43,029 -  [PIPELINE] - INFO - Finalizado con éxito: ob_cat_exel.py (12.58s)
2026-04-01 11:11:43,029 -  [PIPELINE] - INFO - Iniciando: etl.py...
2026-04-01 11:12:07,245 -  [PIPELINE] - INFO - Finalizado con éxito: etl.py (24.22s)
2026-04-01 11:12:07,245 -  [PIPELINE] - INFO - Iniciando: fichas_masivas_icecta_seg.py...
2026-04-01 11:13:51,331 -  [PIPELINE] - INFO - Finalizado con éxito: fichas_masivas_icecta_seg.py (104.09s)
2026-04-01 11:13:51,331 -  [PIPELINE] - INFO - === PIPELINE FINALIZADO EXITOSAMENTE en 2.35 minutos ===
2026-04-01 11:17:36,383 -  [PIPELINE] - INFO - === INICIANDO RUTINA DIARIA DE ACTUALIZACIÓN DIRECTOB2B ===
2026-04-01 11:17:36,383 -  [PIPELINE] - INFO - Iniciando: ob_cat_exel.py...
2026-04-01 11:17:48,849 -  [PIPELINE] - INFO - Finalizado con éxito: ob_cat_exel.py (12.47s)
2026-04-01 11:17:48,849 -  [PIPELINE] - INFO - Iniciando: etl.py...
2026-04-01 11:18:07,755 -  [PIPELINE] - INFO - Finalizado con éxito: etl.py (18.91s)
2026-04-01 11:18:07,755 -  [PIPELINE] - INFO - Iniciando: fichas_masivas_icecta_seg.py...
2026-04-01 11:19:57,182 -  [PIPELINE] - INFO - Finalizado con éxito: fichas_masivas_icecta_seg.py (109.43s)
2026-04-01 11:19:57,183 -  [PIPELINE] - INFO - === PIPELINE FINALIZADO EXITOSAMENTE en 2.35 minutos ===
2026-04-02 10:44:25,134 -  [PIPELINE] - INFO - === INICIANDO RUTINA DIARIA DE ACTUALIZACIÓN DIRECTOB2B ===
2026-04-02 10:44:25,135 -  [PIPELINE] - INFO - Iniciando: ob_cat_exel.py...
2026-04-02 10:44:48,708 -  [PIPELINE] - INFO - Finalizado con éxito: ob_cat_exel.py (23.57s)
2026-04-02 10:44:48,709 -  [PIPELINE] - INFO - Iniciando: etl.py...
2026-04-02 10:46:21,880 -  [PIPELINE] - INFO - Finalizado con éxito: etl.py (93.17s)
2026-04-02 10:46:21,880 -  [PIPELINE] - INFO - Iniciando: fichas_masivas_icecta_seg.py...
2026-04-02 10:48:04,789 -  [PIPELINE] - INFO - Finalizado con éxito: fichas_masivas_icecta_seg.py (102.91s)
2026-04-02 10:48:04,789 -  [PIPELINE] - INFO - === PIPELINE FINALIZADO EXITOSAMENTE en 3.66 minutos ===
2026-04-07 10:09:11,353 -  [PIPELINE] - INFO - === INICIANDO RUTINA DIARIA DE ACTUALIZACIÓN DIRECTOB2B ===
2026-04-07 10:09:11,354 -  [PIPELINE] - INFO - Iniciando: ob_cat_exel.py...
2026-04-07 10:09:35,318 -  [PIPELINE] - INFO - Finalizado con éxito: ob_cat_exel.py (23.96s)
2026-04-07 10:09:35,319 -  [PIPELINE] - INFO - Iniciando: etl.py...
2026-04-07 10:10:42,969 -  [PIPELINE] - INFO - Finalizado con éxito: etl.py (67.65s)
2026-04-07 10:10:42,971 -  [PIPELINE] - INFO - Iniciando: fichas_masivas_icecta_seg.py...
2026-04-07 10:12:57,999 -  [PIPELINE] - INFO - Finalizado con éxito: fichas_masivas_icecta_seg.py (135.03s)
2026-04-07 10:12:57,999 -  [PIPELINE] - INFO - === PIPELINE FINALIZADO EXITOSAMENTE en 3.78 minutos ===
2026-04-07 10:14:30,905 -  [PIPELINE] - INFO - === INICIANDO RUTINA DIARIA DE ACTUALIZACIÓN DIRECTOB2B ===
2026-04-07 10:14:30,905 -  [PIPELINE] - INFO - Iniciando: ob_cat_exel.py...
2026-04-07 10:14:43,814 -  [PIPELINE] - INFO - Finalizado con éxito: ob_cat_exel.py (12.91s)
2026-04-07 10:14:43,814 -  [PIPELINE] - INFO - Iniciando: etl.py...
2026-04-07 10:15:02,275 -  [PIPELINE] - INFO - Finalizado con éxito: etl.py (18.46s)
2026-04-07 10:15:02,275 -  [PIPELINE] - INFO - Iniciando: fichas_masivas_icecta_seg.py...
2026-04-07 10:17:36,594 -  [PIPELINE] - INFO - Finalizado con éxito: fichas_masivas_icecta_seg.py (154.32s)
2026-04-07 10:17:36,595 -  [PIPELINE] - INFO - === PIPELINE FINALIZADO EXITOSAMENTE en 3.09 minutos ===
2026-04-07 10:46:31,217 -  [PIPELINE] - INFO - === INICIANDO RUTINA DIARIA DE ACTUALIZACIÓN DIRECTOB2B ===
2026-04-07 10:46:31,218 -  [PIPELINE] - INFO - Iniciando: ob_cat_exel.py...
2026-04-07 10:46:46,771 -  [PIPELINE] - INFO - Finalizado con éxito: ob_cat_exel.py (15.55s)
2026-04-07 10:46:46,771 -  [PIPELINE] - INFO - Iniciando: etl.py...
2026-04-07 10:47:16,961 -  [PIPELINE] - INFO - Finalizado con éxito: etl.py (30.19s)
2026-04-07 10:47:16,961 -  [PIPELINE] - INFO - Iniciando: fichas_masivas_icecta_seg.py...
2026-04-07 10:49:49,695 -  [PIPELINE] - INFO - Finalizado con éxito: fichas_masivas_icecta_seg.py (152.73s)
2026-04-07 10:49:49,697 -  [PIPELINE] - INFO - === PIPELINE FINALIZADO EXITOSAMENTE en 3.31 minutos ===
2026-04-07 10:52:10,608 -  [PIPELINE] - INFO - === INICIANDO RUTINA DIARIA DE ACTUALIZACIÓN DIRECTOB2B ===
2026-04-07 10:52:10,608 -  [PIPELINE] - INFO - Iniciando: ob_cat_exel.py...
2026-04-07 10:52:28,138 -  [PIPELINE] - INFO - Finalizado con éxito: ob_cat_exel.py (17.53s)
2026-04-07 10:52:28,138 -  [PIPELINE] - INFO - Iniciando: etl.py...
2026-04-07 10:53:03,687 -  [PIPELINE] - INFO - Finalizado con éxito: etl.py (35.55s)
2026-04-07 10:53:03,688 -  [PIPELINE] - INFO - Iniciando: fichas_masivas_icecta_seg.py...
2026-04-07 10:55:07,025 -  [PIPELINE] - INFO - Finalizado con éxito: fichas_masivas_icecta_seg.py (123.34s)
2026-04-07 10:55:07,026 -  [PIPELINE] - INFO - === PIPELINE FINALIZADO EXITOSAMENTE en 2.94 minutos ===
2026-04-07 16:14:19,354 -  [PIPELINE] - INFO - === INICIANDO RUTINA DIARIA DE ACTUALIZACIÓN DIRECTOB2B ===
2026-04-07 16:14:19,358 -  [PIPELINE] - INFO - Iniciando: ob_cat_exel.py...
2026-04-07 16:14:19,358 -  [PIPELINE] - INFO - === INICIANDO RUTINA DIARIA DE ACTUALIZACIÓN DIRECTOB2B ===
2026-04-07 16:14:19,358 -  [PIPELINE] - INFO - Iniciando: ob_cat_exel.py...
2026-04-07 16:14:58,246 -  [PIPELINE] - INFO - Finalizado con éxito: ob_cat_exel.py (38.89s)
2026-04-07 16:14:58,248 -  [PIPELINE] - INFO - Iniciando: etl.py...
2026-04-07 16:14:59,691 -  [PIPELINE] - INFO - Finalizado con éxito: ob_cat_exel.py (40.33s)
2026-04-07 16:14:59,694 -  [PIPELINE] - INFO - Iniciando: etl.py...
2026-04-07 16:15:07,549 -  [PIPELINE] - ERROR - Error crítico en etl.py. Detener pipeline.
2026-04-07 16:17:32,487 -  [PIPELINE] - INFO - Finalizado con éxito: etl.py (152.79s)
2026-04-07 16:17:32,489 -  [PIPELINE] - INFO - Iniciando: fichas_masivas_icecta_seg.py...
2026-04-07 16:19:18,863 -  [PIPELINE] - INFO - Finalizado con éxito: fichas_masivas_icecta_seg.py (106.37s)
2026-04-07 16:19:18,863 -  [PIPELINE] - INFO - === PIPELINE FINALIZADO EXITOSAMENTE en 4.99 minutos ===
2026-04-07 16:38:59,387 -  [PIPELINE] - INFO - === INICIANDO RUTINA DIARIA DE ACTUALIZACIÓN DIRECTOB2B ===
2026-04-07 16:38:59,390 -  [PIPELINE] - INFO - Iniciando: ob_cat_exel.py...
2026-04-07 16:39:15,842 -  [PIPELINE] - INFO - Finalizado con éxito: ob_cat_exel.py (16.45s)
2026-04-07 16:39:15,843 -  [PIPELINE] - INFO - Iniciando: etl.py...
2026-04-07 16:39:41,710 -  [PIPELINE] - INFO - Finalizado con éxito: etl.py (25.87s)
2026-04-07 16:39:41,710 -  [PIPELINE] - INFO - Iniciando: fichas_masivas_icecta_seg.py...
2026-04-07 16:41:57,665 -  [PIPELINE] - INFO - Finalizado con éxito: fichas_masivas_icecta_seg.py (135.95s)
2026-04-07 16:41:57,665 -  [PIPELINE] - INFO - === PIPELINE FINALIZADO EXITOSAMENTE en 2.97 minutos ===
2026-04-08 10:14:02,456 -  [PIPELINE] - INFO - === INICIANDO RUTINA DIARIA DE ACTUALIZACIÓN DIRECTOB2B ===
2026-04-08 10:14:02,457 -  [PIPELINE] - INFO - Iniciando: ob_cat_exel.py...
2026-04-08 10:14:35,268 -  [PIPELINE] - INFO - Finalizado con éxito: ob_cat_exel.py (32.81s)
2026-04-08 10:14:35,268 -  [PIPELINE] - INFO - Iniciando: etl.py...
2026-04-08 10:17:06,553 -  [PIPELINE] - INFO - Finalizado con éxito: etl.py (151.29s)
2026-04-08 10:17:06,553 -  [PIPELINE] - INFO - Iniciando: fichas_masivas_icecta_seg.py...
2026-04-08 10:18:50,454 -  [PIPELINE] - INFO - Finalizado con éxito: fichas_masivas_icecta_seg.py (103.90s)
2026-04-08 10:18:50,454 -  [PIPELINE] - INFO - === PIPELINE FINALIZADO EXITOSAMENTE en 4.80 minutos ===
2026-04-08 10:19:22,467 -  [PIPELINE] - INFO - === INICIANDO RUTINA DIARIA DE ACTUALIZACIÓN DIRECTOB2B ===
2026-04-08 10:19:22,467 -  [PIPELINE] - INFO - Iniciando: ob_cat_exel.py...
2026-04-08 10:19:35,451 -  [PIPELINE] - INFO - Finalizado con éxito: ob_cat_exel.py (12.98s)
2026-04-08 10:19:35,451 -  [PIPELINE] - INFO - Iniciando: etl.py...
2026-04-08 10:19:53,135 -  [PIPELINE] - INFO - Finalizado con éxito: etl.py (17.68s)
2026-04-08 10:19:53,135 -  [PIPELINE] - INFO - Iniciando: fichas_masivas_icecta_seg.py...
2026-04-08 10:21:40,444 -  [PIPELINE] - INFO - Finalizado con éxito: fichas_masivas_icecta_seg.py (107.31s)
2026-04-08 10:21:40,444 -  [PIPELINE] - INFO - === PIPELINE FINALIZADO EXITOSAMENTE en 2.30 minutos ===
2026-04-08 12:22:31,809 -  [PIPELINE] - INFO - === INICIANDO RUTINA DIARIA DE ACTUALIZACIÓN DIRECTOB2B ===
2026-04-08 12:22:31,809 -  [PIPELINE] - INFO - Iniciando: ob_cat_exel.py...
2026-04-08 12:22:58,557 -  [PIPELINE] - INFO - Finalizado con éxito: ob_cat_exel.py (26.75s)
2026-04-08 12:22:58,557 -  [PIPELINE] - INFO - Iniciando: etl.py...
2026-04-08 12:24:41,487 -  [PIPELINE] - INFO - Finalizado con éxito: etl.py (102.93s)
2026-04-08 12:24:41,487 -  [PIPELINE] - INFO - Iniciando: fichas_masivas_icecta_seg.py...
2026-04-08 12:26:19,928 -  [PIPELINE] - INFO - Finalizado con éxito: fichas_masivas_icecta_seg.py (98.44s)
2026-04-08 12:26:19,929 -  [PIPELINE] - INFO - === PIPELINE FINALIZADO EXITOSAMENTE en 3.80 minutos ===
2026-04-08 12:51:31,305 -  [PIPELINE] - INFO - === INICIANDO RUTINA DIARIA DE ACTUALIZACIÓN DIRECTOB2B ===
2026-04-08 12:51:31,305 -  [PIPELINE] - INFO - Iniciando: ob_cat_exel.py...
2026-04-08 12:51:44,440 -  [PIPELINE] - INFO - Finalizado con éxito: ob_cat_exel.py (13.13s)
2026-04-08 12:51:44,440 -  [PIPELINE] - INFO - Iniciando: etl.py...
2026-04-08 12:52:23,778 -  [PIPELINE] - INFO - Finalizado con éxito: etl.py (39.34s)
2026-04-08 12:52:23,779 -  [PIPELINE] - INFO - Iniciando: fichas_masivas_icecta_seg.py...
2026-04-08 12:54:07,256 -  [PIPELINE] - INFO - Finalizado con éxito: fichas_masivas_icecta_seg.py (103.48s)
2026-04-08 12:54:07,256 -  [PIPELINE] - INFO - === PIPELINE FINALIZADO EXITOSAMENTE en 2.60 minutos ===
2026-04-08 15:03:01,690 -  [PIPELINE] - INFO - === INICIANDO RUTINA DIARIA DE ACTUALIZACIÓN DIRECTOB2B ===
2026-04-08 15:03:01,691 -  [PIPELINE] - INFO - Iniciando: ob_cat_exel.py...
2026-04-08 15:03:26,097 -  [PIPELINE] - INFO - Finalizado con éxito: ob_cat_exel.py (24.41s)
2026-04-08 15:03:26,097 -  [PIPELINE] - INFO - Iniciando: etl.py...
2026-04-08 15:04:49,486 -  [PIPELINE] - INFO - Finalizado con éxito: etl.py (83.39s)
2026-04-08 15:04:49,486 -  [PIPELINE] - INFO - Iniciando: fichas_masivas_icecta_seg.py...
2026-04-08 15:06:42,052 -  [PIPELINE] - INFO - Finalizado con éxito: fichas_masivas_icecta_seg.py (112.57s)
2026-04-08 15:06:42,053 -  [PIPELINE] - INFO - === PIPELINE FINALIZADO EXITOSAMENTE en 3.67 minutos ===
2026-04-08 16:45:24,331 -  [PIPELINE] - INFO - === INICIANDO RUTINA DIARIA DE ACTUALIZACIÓN DIRECTOB2B ===
2026-04-08 16:45:24,332 -  [PIPELINE] - INFO - Iniciando: ob_cat_exel.py...
2026-04-08 16:45:40,927 -  [PIPELINE] - INFO - Finalizado con éxito: ob_cat_exel.py (16.60s)
2026-04-08 16:45:40,928 -  [PIPELINE] - INFO - Iniciando: etl.py...
2026-04-08 16:46:13,737 -  [PIPELINE] - INFO - Finalizado con éxito: etl.py (32.81s)
2026-04-08 16:46:13,737 -  [PIPELINE] - INFO - Iniciando: fichas_masivas_icecta_seg.py...
2026-04-08 16:47:54,773 -  [PIPELINE] - INFO - Finalizado con éxito: fichas_masivas_icecta_seg.py (101.04s)
2026-04-08 16:47:54,774 -  [PIPELINE] - INFO - === PIPELINE FINALIZADO EXITOSAMENTE en 2.51 minutos ===
2026-04-08 16:54:19,016 -  [PIPELINE] - INFO - === INICIANDO RUTINA DIARIA DE ACTUALIZACIÓN DIRECTOB2B ===
2026-04-08 16:54:19,016 -  [PIPELINE] - INFO - Iniciando: ob_cat_exel.py...
2026-04-08 16:54:35,476 -  [PIPELINE] - INFO - Finalizado con éxito: ob_cat_exel.py (16.46s)
2026-04-08 16:54:35,476 -  [PIPELINE] - INFO - Iniciando: etl.py...
2026-04-08 16:55:09,100 -  [PIPELINE] - INFO - Finalizado con éxito: etl.py (33.62s)
2026-04-08 16:55:09,100 -  [PIPELINE] - INFO - Iniciando: fichas_masivas_icecta_seg.py...
2026-04-08 16:56:49,749 -  [PIPELINE] - INFO - Finalizado con éxito: fichas_masivas_icecta_seg.py (100.65s)
2026-04-08 16:56:49,750 -  [PIPELINE] - INFO - === PIPELINE FINALIZADO EXITOSAMENTE en 2.51 minutos ===
2026-04-09 09:41:35,609 -  [PIPELINE] - INFO - === INICIANDO RUTINA DIARIA DE ACTUALIZACIÓN DIRECTOB2B ===
2026-04-09 09:41:35,609 -  [PIPELINE] - INFO - Iniciando: ob_cat_exel.py...
2026-04-09 09:42:08,699 -  [PIPELINE] - INFO - Finalizado con éxito: ob_cat_exel.py (33.09s)
2026-04-09 09:42:08,699 -  [PIPELINE] - INFO - Iniciando: etl.py...
2026-04-09 09:44:32,564 -  [PIPELINE] - INFO - Finalizado con éxito: etl.py (143.86s)
2026-04-09 09:44:32,565 -  [PIPELINE] - INFO - Iniciando: fichas_masivas_icecta_seg.py...
2026-04-09 09:46:42,797 -  [PIPELINE] - INFO - Finalizado con éxito: fichas_masivas_icecta_seg.py (130.23s)
2026-04-09 09:46:42,804 -  [PIPELINE] - INFO - === PIPELINE FINALIZADO EXITOSAMENTE en 5.12 minutos ===
2026-04-09 09:47:44,165 -  [PIPELINE] - INFO - === INICIANDO RUTINA DIARIA DE ACTUALIZACIÓN DIRECTOB2B ===
2026-04-09 09:47:44,165 -  [PIPELINE] - INFO - Iniciando: ob_cat_exel.py...
2026-04-09 09:48:02,811 -  [PIPELINE] - INFO - Finalizado con éxito: ob_cat_exel.py (18.64s)
2026-04-09 09:48:02,817 -  [PIPELINE] - INFO - Iniciando: etl.py...
2026-04-09 09:48:35,174 -  [PIPELINE] - INFO - Finalizado con éxito: etl.py (32.36s)
2026-04-09 09:48:35,176 -  [PIPELINE] - INFO - Iniciando: fichas_masivas_icecta_seg.py...
2026-04-09 09:50:39,211 -  [PIPELINE] - INFO - Finalizado con éxito: fichas_masivas_icecta_seg.py (124.03s)
2026-04-09 09:50:39,211 -  [PIPELINE] - INFO - === PIPELINE FINALIZADO EXITOSAMENTE en 2.92 minutos ===
2026-04-09 11:36:46,829 -  [PIPELINE] - INFO - === INICIANDO RUTINA DIARIA DE ACTUALIZACIÓN DIRECTOB2B ===
2026-04-09 11:36:46,829 -  [PIPELINE] - INFO - Iniciando: ob_cat_exel.py...
2026-04-09 11:37:14,412 -  [PIPELINE] - INFO - Finalizado con éxito: ob_cat_exel.py (27.58s)
2026-04-09 11:37:14,412 -  [PIPELINE] - INFO - Iniciando: etl.py...
2026-04-09 11:38:42,800 -  [PIPELINE] - INFO - Finalizado con éxito: etl.py (88.39s)
2026-04-09 11:38:42,800 -  [PIPELINE] - INFO - Iniciando: fichas_masivas_icecta_seg.py...
2026-04-09 11:40:47,997 -  [PIPELINE] - INFO - Finalizado con éxito: fichas_masivas_icecta_seg.py (125.20s)
2026-04-09 11:40:47,997 -  [PIPELINE] - INFO - === PIPELINE FINALIZADO EXITOSAMENTE en 4.02 minutos ===
2026-04-09 11:48:34,318 -  [PIPELINE] - INFO - === INICIANDO RUTINA DIARIA DE ACTUALIZACIÓN DIRECTOB2B ===
2026-04-09 11:48:34,318 -  [PIPELINE] - INFO - Iniciando: ob_cat_exel.py...
2026-04-09 11:48:50,741 -  [PIPELINE] - INFO - Finalizado con éxito: ob_cat_exel.py (16.42s)
2026-04-09 11:48:50,741 -  [PIPELINE] - INFO - Iniciando: etl.py...
2026-04-09 11:49:09,718 -  [PIPELINE] - INFO - Finalizado con éxito: etl.py (18.98s)
2026-04-09 11:49:09,718 -  [PIPELINE] - INFO - Iniciando: fichas_masivas_icecta_seg.py...
2026-04-09 11:50:56,599 -  [PIPELINE] - INFO - Finalizado con éxito: fichas_masivas_icecta_seg.py (106.88s)
2026-04-09 11:50:56,599 -  [PIPELINE] - INFO - === PIPELINE FINALIZADO EXITOSAMENTE en 2.37 minutos ===
2026-04-09 13:19:49,631 -  [PIPELINE] - INFO - === INICIANDO RUTINA DIARIA DE ACTUALIZACIÓN DIRECTOB2B ===
2026-04-09 13:19:49,633 -  [PIPELINE] - INFO - Iniciando: ob_cat_exel.py...
2026-04-09 13:20:08,588 -  [PIPELINE] - INFO - Finalizado con éxito: ob_cat_exel.py (18.96s)
2026-04-09 13:20:08,588 -  [PIPELINE] - INFO - Iniciando: etl.py...
2026-04-09 13:20:36,267 -  [PIPELINE] - INFO - Finalizado con éxito: etl.py (27.68s)
2026-04-09 13:20:36,267 -  [PIPELINE] - INFO - Iniciando: fichas_masivas_icecta_seg.py...
2026-04-09 13:22:22,094 -  [PIPELINE] - INFO - Finalizado con éxito: fichas_masivas_icecta_seg.py (105.83s)
2026-04-09 13:22:22,094 -  [PIPELINE] - INFO - === PIPELINE FINALIZADO EXITOSAMENTE en 2.54 minutos ===
2026-04-10 11:11:43,718 -  [PIPELINE] - INFO - === INICIANDO RUTINA DIARIA DE ACTUALIZACIÓN DIRECTOB2B ===
2026-04-10 11:11:43,718 -  [PIPELINE] - INFO - Iniciando: ob_cat_exel.py...
2026-04-10 11:12:10,026 -  [PIPELINE] - INFO - Finalizado con éxito: ob_cat_exel.py (26.31s)
2026-04-10 11:12:10,028 -  [PIPELINE] - INFO - Iniciando: etl.py...
2026-04-10 11:13:59,535 -  [PIPELINE] - INFO - Finalizado con éxito: etl.py (109.51s)
2026-04-10 11:13:59,536 -  [PIPELINE] - INFO - Iniciando: fichas_masivas_icecta_seg.py...
2026-04-10 11:15:53,590 -  [PIPELINE] - INFO - Finalizado con éxito: fichas_masivas_icecta_seg.py (114.05s)
2026-04-10 11:15:53,591 -  [PIPELINE] - INFO - === PIPELINE FINALIZADO EXITOSAMENTE en 4.16 minutos ===
2026-04-10 11:21:00,131 -  [PIPELINE] - INFO - === INICIANDO RUTINA DIARIA DE ACTUALIZACIÓN DIRECTOB2B ===
2026-04-10 11:21:00,131 -  [PIPELINE] - INFO - Iniciando: ob_cat_exel.py...
2026-04-10 11:21:15,153 -  [PIPELINE] - INFO - Finalizado con éxito: ob_cat_exel.py (15.02s)
2026-04-10 11:21:15,153 -  [PIPELINE] - INFO - Iniciando: etl.py...
2026-04-10 11:21:41,183 -  [PIPELINE] - INFO - Finalizado con éxito: etl.py (26.03s)
2026-04-10 11:21:41,184 -  [PIPELINE] - INFO - Iniciando: fichas_masivas_icecta_seg.py...
2026-04-10 11:23:30,116 -  [PIPELINE] - INFO - Finalizado con éxito: fichas_masivas_icecta_seg.py (108.93s)
2026-04-10 11:23:30,116 -  [PIPELINE] - INFO - === PIPELINE FINALIZADO EXITOSAMENTE en 2.50 minutos ===
2026-04-10 12:58:25,892 -  [PIPELINE] - INFO - === INICIANDO RUTINA DIARIA DE ACTUALIZACIÓN DIRECTOB2B ===
2026-04-10 12:58:25,892 -  [PIPELINE] - INFO - Iniciando: ob_cat_exel.py...
2026-04-10 12:58:39,462 -  [PIPELINE] - INFO - Finalizado con éxito: ob_cat_exel.py (13.57s)
2026-04-10 12:58:39,462 -  [PIPELINE] - INFO - Iniciando: etl.py...
2026-04-10 12:58:58,807 -  [PIPELINE] - INFO - Finalizado con éxito: etl.py (19.35s)
2026-04-10 12:58:58,808 -  [PIPELINE] - INFO - Iniciando: fichas_masivas_icecta_seg.py...
2026-04-10 13:00:52,017 -  [PIPELINE] - INFO - Finalizado con éxito: fichas_masivas_icecta_seg.py (113.21s)
2026-04-10 13:00:52,018 -  [PIPELINE] - INFO - === PIPELINE FINALIZADO EXITOSAMENTE en 2.44 minutos ===
2026-04-10 13:45:59,235 -  [PIPELINE] - INFO - === INICIANDO RUTINA DIARIA DE ACTUALIZACIÓN DIRECTOB2B ===
2026-04-10 13:45:59,236 -  [PIPELINE] - INFO - Iniciando: ob_cat_exel.py...
2026-04-10 13:46:17,477 -  [PIPELINE] - INFO - Finalizado con éxito: ob_cat_exel.py (18.24s)
2026-04-10 13:46:17,478 -  [PIPELINE] - INFO - Iniciando: etl.py...
2026-04-10 13:46:46,018 -  [PIPELINE] - INFO - Finalizado con éxito: etl.py (28.54s)
2026-04-10 13:46:46,018 -  [PIPELINE] - INFO - Iniciando: fichas_masivas_icecta_seg.py...
2026-04-10 13:48:27,328 -  [PIPELINE] - INFO - Finalizado con éxito: fichas_masivas_icecta_seg.py (101.31s)
2026-04-10 13:48:27,328 -  [PIPELINE] - INFO - === PIPELINE FINALIZADO EXITOSAMENTE en 2.47 minutos ===
2026-04-10 16:18:32,920 -  [PIPELINE] - INFO - === INICIANDO RUTINA DIARIA DE ACTUALIZACIÓN DIRECTOB2B ===
2026-04-10 16:18:32,920 -  [PIPELINE] - INFO - Iniciando: ob_cat_exel.py...
2026-04-10 16:18:55,515 -  [PIPELINE] - INFO - Finalizado con éxito: ob_cat_exel.py (22.60s)
2026-04-10 16:18:55,515 -  [PIPELINE] - INFO - Iniciando: etl.py...
2026-04-10 16:20:26,818 -  [PIPELINE] - INFO - Finalizado con éxito: etl.py (91.30s)
2026-04-10 16:20:26,819 -  [PIPELINE] - INFO - Iniciando: fichas_masivas_icecta_seg.py...
2026-04-10 16:22:23,614 -  [PIPELINE] - INFO - Finalizado con éxito: fichas_masivas_icecta_seg.py (116.79s)
2026-04-10 16:22:23,614 -  [PIPELINE] - INFO - === PIPELINE FINALIZADO EXITOSAMENTE en 3.84 minutos ===
2026-04-10 17:50:22,072 -  [PIPELINE] - INFO - === INICIANDO RUTINA DIARIA DE ACTUALIZACIÓN DIRECTOB2B ===
2026-04-10 17:50:22,072 -  [PIPELINE] - INFO - Iniciando: ob_cat_exel.py...
2026-04-10 17:50:37,969 -  [PIPELINE] - INFO - Finalizado con éxito: ob_cat_exel.py (15.90s)
2026-04-10 17:50:37,969 -  [PIPELINE] - INFO - Iniciando: etl.py...
2026-04-10 17:51:07,059 -  [PIPELINE] - INFO - Finalizado con éxito: etl.py (29.09s)
2026-04-10 17:51:07,059 -  [PIPELINE] - INFO - Iniciando: fichas_masivas_icecta_seg.py...
2026-04-10 17:52:48,936 -  [PIPELINE] - INFO - Finalizado con éxito: fichas_masivas_icecta_seg.py (101.88s)
2026-04-10 17:52:48,936 -  [PIPELINE] - INFO - === PIPELINE FINALIZADO EXITOSAMENTE en 2.45 minutos ===
2026-04-13 09:24:34,732 -  [PIPELINE] - INFO - === INICIANDO RUTINA DIARIA DE ACTUALIZACIÓN DIRECTOB2B ===
2026-04-13 09:24:34,732 -  [PIPELINE] - INFO - Iniciando: ob_cat_exel.py...
2026-04-13 09:24:58,348 -  [PIPELINE] - INFO - Finalizado con éxito: ob_cat_exel.py (23.61s)
2026-04-13 09:24:58,348 -  [PIPELINE] - INFO - Iniciando: etl.py...
2026-04-13 09:26:01,600 -  [PIPELINE] - INFO - Finalizado con éxito: etl.py (63.25s)
2026-04-13 09:26:01,600 -  [PIPELINE] - INFO - Iniciando: fichas_masivas_icecta_seg.py...
2026-04-13 09:27:49,222 -  [PIPELINE] - INFO - Finalizado con éxito: fichas_masivas_icecta_seg.py (107.62s)
2026-04-13 09:27:49,223 -  [PIPELINE] - INFO - === PIPELINE FINALIZADO EXITOSAMENTE en 3.24 minutos ===
2026-04-13 09:54:08,954 -  [PIPELINE] - INFO - === INICIANDO RUTINA DIARIA DE ACTUALIZACIÓN DIRECTOB2B ===
2026-04-13 09:54:08,954 -  [PIPELINE] - INFO - Iniciando: ob_cat_exel.py...
2026-04-13 09:55:01,922 -  [PIPELINE] - INFO - Finalizado con éxito: ob_cat_exel.py (52.97s)
2026-04-13 09:55:01,922 -  [PIPELINE] - INFO - Iniciando: etl.py...
2026-04-13 09:55:37,359 -  [PIPELINE] - INFO - Finalizado con éxito: etl.py (35.44s)
2026-04-13 09:55:37,360 -  [PIPELINE] - INFO - Iniciando: fichas_masivas_icecta_seg.py...
2026-04-13 09:57:48,115 -  [PIPELINE] - INFO - Finalizado con éxito: fichas_masivas_icecta_seg.py (130.76s)
2026-04-13 09:57:48,115 -  [PIPELINE] - INFO - === PIPELINE FINALIZADO EXITOSAMENTE en 3.65 minutos ===
2026-04-13 09:57:48,571 -  [PIPELINE] - INFO - === INICIANDO RUTINA DIARIA DE ACTUALIZACIÓN DIRECTOB2B ===
2026-04-13 09:57:48,571 -  [PIPELINE] - INFO - Iniciando: ob_cat_exel.py...
2026-04-13 09:59:01,225 -  [PIPELINE] - INFO - Finalizado con éxito: ob_cat_exel.py (72.65s)
2026-04-13 09:59:01,225 -  [PIPELINE] - INFO - Iniciando: etl.py...
2026-04-13 09:59:30,041 -  [PIPELINE] - INFO - Finalizado con éxito: etl.py (28.82s)
2026-04-13 09:59:30,042 -  [PIPELINE] - INFO - Iniciando: fichas_masivas_icecta_seg.py...
2026-04-13 10:01:33,802 -  [PIPELINE] - INFO - Finalizado con éxito: fichas_masivas_icecta_seg.py (123.76s)
2026-04-13 10:01:33,802 -  [PIPELINE] - INFO - === PIPELINE FINALIZADO EXITOSAMENTE en 3.75 minutos ===
2026-04-14 12:08:27,792 -  [PIPELINE] - INFO - === INICIANDO RUTINA DIARIA DE ACTUALIZACIÓN DIRECTOB2B ===
2026-04-14 12:08:27,792 -  [PIPELINE] - INFO - Iniciando: ob_cat_exel.py...
2026-04-14 12:08:56,586 -  [PIPELINE] - INFO - Finalizado con éxito: ob_cat_exel.py (28.79s)
2026-04-14 12:08:56,586 -  [PIPELINE] - INFO - Iniciando: etl.py...
2026-04-14 12:10:30,920 -  [PIPELINE] - INFO - Finalizado con éxito: etl.py (94.33s)
2026-04-14 12:10:30,920 -  [PIPELINE] - INFO - Iniciando: fichas_masivas_icecta_seg.py...
2026-04-14 12:12:46,777 -  [PIPELINE] - INFO - Finalizado con éxito: fichas_masivas_icecta_seg.py (135.86s)
2026-04-14 12:12:46,777 -  [PIPELINE] - INFO - === PIPELINE FINALIZADO EXITOSAMENTE en 4.32 minutos ===
2026-04-14 12:51:08,800 -  [PIPELINE] - INFO - === INICIANDO RUTINA DIARIA DE ACTUALIZACIÓN DIRECTOB2B ===
2026-04-14 12:51:08,801 -  [PIPELINE] - INFO - Iniciando: ob_cat_exel.py...
2026-04-14 12:52:07,808 -  [PIPELINE] - INFO - Finalizado con éxito: ob_cat_exel.py (59.01s)
2026-04-14 12:52:07,808 -  [PIPELINE] - INFO - Iniciando: etl.py...
2026-04-14 12:52:34,645 -  [PIPELINE] - INFO - Finalizado con éxito: etl.py (26.84s)
2026-04-14 12:52:34,645 -  [PIPELINE] - INFO - Iniciando: fichas_masivas_icecta_seg.py...
2026-04-14 12:54:28,048 -  [PIPELINE] - INFO - Finalizado con éxito: fichas_masivas_icecta_seg.py (113.40s)
2026-04-14 12:54:28,049 -  [PIPELINE] - INFO - === PIPELINE FINALIZADO EXITOSAMENTE en 3.32 minutos ===
2026-04-14 12:54:28,702 -  [PIPELINE] - INFO - === INICIANDO RUTINA DIARIA DE ACTUALIZACIÓN DIRECTOB2B ===
2026-04-14 12:54:28,702 -  [PIPELINE] - INFO - Iniciando: ob_cat_exel.py...
2026-04-14 12:54:44,861 -  [PIPELINE] - INFO - Finalizado con éxito: ob_cat_exel.py (16.16s)
2026-04-14 12:54:44,863 -  [PIPELINE] - INFO - Iniciando: etl.py...
2026-04-14 12:55:11,940 -  [PIPELINE] - INFO - Finalizado con éxito: etl.py (27.08s)
2026-04-14 12:55:11,940 -  [PIPELINE] - INFO - Iniciando: fichas_masivas_icecta_seg.py...
2026-04-14 12:57:00,027 -  [PIPELINE] - INFO - Finalizado con éxito: fichas_masivas_icecta_seg.py (108.09s)
2026-04-14 12:57:00,029 -  [PIPELINE] - INFO - === PIPELINE FINALIZADO EXITOSAMENTE en 2.52 minutos ===
2026-04-14 16:41:33,534 -  [PIPELINE] - INFO - === INICIANDO RUTINA DIARIA DE ACTUALIZACIÓN DIRECTOB2B ===
2026-04-14 16:41:33,534 -  [PIPELINE] - INFO - Iniciando: ob_cat_exel.py...
2026-04-14 16:41:48,092 -  [PIPELINE] - INFO - Finalizado con éxito: ob_cat_exel.py (14.56s)
2026-04-14 16:41:48,092 -  [PIPELINE] - INFO - Iniciando: etl.py...
2026-04-14 16:42:18,116 -  [PIPELINE] - INFO - Finalizado con éxito: etl.py (30.02s)
2026-04-14 16:42:18,116 -  [PIPELINE] - INFO - Iniciando: fichas_masivas_icecta_seg.py...
2026-04-14 16:43:58,022 -  [PIPELINE] - INFO - Finalizado con éxito: fichas_masivas_icecta_seg.py (99.91s)
2026-04-14 16:43:58,022 -  [PIPELINE] - INFO - === PIPELINE FINALIZADO EXITOSAMENTE en 2.41 minutos ===
2026-04-14 19:00:27,934 -  [PIPELINE] - INFO - === INICIANDO RUTINA DIARIA DE ACTUALIZACIÓN DIRECTOB2B ===
2026-04-14 19:00:27,934 -  [PIPELINE] - INFO - Iniciando: ob_cat_exel.py...
2026-04-14 19:00:41,987 -  [PIPELINE] - INFO - Finalizado con éxito: ob_cat_exel.py (14.05s)
2026-04-14 19:00:41,987 -  [PIPELINE] - INFO - Iniciando: etl.py...
2026-04-14 19:01:04,227 -  [PIPELINE] - INFO - Finalizado con éxito: etl.py (22.24s)
2026-04-14 19:01:04,227 -  [PIPELINE] - INFO - Iniciando: fichas_masivas_icecta_seg.py...
2026-04-14 19:03:01,433 -  [PIPELINE] - INFO - Finalizado con éxito: fichas_masivas_icecta_seg.py (117.21s)
2026-04-14 19:03:01,433 -  [PIPELINE] - INFO - === PIPELINE FINALIZADO EXITOSAMENTE en 2.56 minutos ===
2026-04-15 09:17:02,136 -  [PIPELINE] - INFO - === INICIANDO RUTINA DIARIA DE ACTUALIZACIÓN DIRECTOB2B ===
2026-04-15 09:17:02,136 -  [PIPELINE] - INFO - Iniciando: ob_cat_exel.py...
2026-04-15 09:17:16,661 -  [PIPELINE] - INFO - Finalizado con éxito: ob_cat_exel.py (14.52s)
2026-04-15 09:17:16,676 -  [PIPELINE] - INFO - Iniciando: etl.py...
2026-04-15 09:17:42,867 -  [PIPELINE] - INFO - Finalizado con éxito: etl.py (26.19s)
2026-04-15 09:17:42,868 -  [PIPELINE] - INFO - Iniciando: fichas_masivas_icecta_seg.py...
2026-04-15 09:20:47,487 -  [PIPELINE] - INFO - Finalizado con éxito: fichas_masivas_icecta_seg.py (184.62s)
2026-04-15 09:20:47,487 -  [PIPELINE] - INFO - === PIPELINE FINALIZADO EXITOSAMENTE en 3.76 minutos ===
2026-04-15 09:32:18,814 -  [PIPELINE] - INFO - === INICIANDO RUTINA DIARIA DE ACTUALIZACIÓN DIRECTOB2B ===
2026-04-15 09:32:18,814 -  [PIPELINE] - INFO - Iniciando: ob_cat_exel.py...
2026-04-15 09:32:45,560 -  [PIPELINE] - INFO - Finalizado con éxito: ob_cat_exel.py (26.75s)
2026-04-15 09:32:45,561 -  [PIPELINE] - INFO - Iniciando: etl.py...
2026-04-15 09:34:23,405 -  [PIPELINE] - INFO - Finalizado con éxito: etl.py (97.84s)
2026-04-15 09:34:23,405 -  [PIPELINE] - INFO - Iniciando: fichas_masivas_icecta_seg.py...
2026-04-15 09:39:04,885 -  [PIPELINE] - INFO - Finalizado con éxito: fichas_masivas_icecta_seg.py (281.48s)
2026-04-15 09:39:04,885 -  [PIPELINE] - INFO - === PIPELINE FINALIZADO EXITOSAMENTE en 6.77 minutos ===
2026-04-15 09:42:21,083 -  [PIPELINE] - INFO - === INICIANDO RUTINA DIARIA DE ACTUALIZACIÓN DIRECTOB2B ===
2026-04-15 09:42:21,083 -  [PIPELINE] - INFO - Iniciando: ob_cat_exel.py...
2026-04-15 09:42:37,543 -  [PIPELINE] - INFO - Finalizado con éxito: ob_cat_exel.py (16.46s)
2026-04-15 09:42:37,544 -  [PIPELINE] - INFO - Iniciando: etl.py...
2026-04-15 09:43:06,023 -  [PIPELINE] - INFO - Finalizado con éxito: etl.py (28.48s)
2026-04-15 09:43:06,023 -  [PIPELINE] - INFO - Iniciando: fichas_masivas_icecta_seg.py...
2026-04-15 09:47:15,651 -  [PIPELINE] - INFO - Finalizado con éxito: fichas_masivas_icecta_seg.py (249.63s)
2026-04-15 09:47:15,652 -  [PIPELINE] - INFO - === PIPELINE FINALIZADO EXITOSAMENTE en 4.91 minutos ===
2026-04-15 10:03:53,769 -  [PIPELINE] - INFO - === INICIANDO RUTINA DIARIA DE ACTUALIZACIÓN DIRECTOB2B ===
2026-04-15 10:03:53,772 -  [PIPELINE] - INFO - Iniciando: ob_cat_exel.py...
2026-04-15 10:04:12,158 -  [PIPELINE] - INFO - Finalizado con éxito: ob_cat_exel.py (18.39s)
2026-04-15 10:04:12,158 -  [PIPELINE] - INFO - Iniciando: etl.py...
2026-04-15 10:04:44,731 -  [PIPELINE] - INFO - Finalizado con éxito: etl.py (32.57s)
2026-04-15 10:04:44,731 -  [PIPELINE] - INFO - Iniciando: fichas_masivas_icecta_seg.py...
2026-04-15 10:07:44,024 -  [PIPELINE] - INFO - Finalizado con éxito: fichas_masivas_icecta_seg.py (179.29s)
2026-04-15 10:07:44,025 -  [PIPELINE] - INFO - === PIPELINE FINALIZADO EXITOSAMENTE en 3.84 minutos ===
2026-04-16 10:15:16,854 -  [PIPELINE] - INFO - === INICIANDO RUTINA DIARIA DE ACTUALIZACIÓN DIRECTOB2B ===
2026-04-16 10:15:16,855 -  [PIPELINE] - INFO - Iniciando: ob_cat_exel.py...
2026-04-16 10:15:42,359 -  [PIPELINE] - INFO - Finalizado con éxito: ob_cat_exel.py (25.50s)
2026-04-16 10:15:42,363 -  [PIPELINE] - INFO - Iniciando: etl.py...
2026-04-16 10:17:00,841 -  [PIPELINE] - INFO - Finalizado con éxito: etl.py (78.48s)
2026-04-16 10:17:00,841 -  [PIPELINE] - INFO - Iniciando: fichas_masivas_icecta_seg.py...
2026-04-16 10:19:46,140 -  [PIPELINE] - INFO - Finalizado con éxito: fichas_masivas_icecta_seg.py (165.30s)
2026-04-16 10:19:46,141 -  [PIPELINE] - INFO - === PIPELINE FINALIZADO EXITOSAMENTE en 4.49 minutos ===
